{"commitInfo":{"timestamp":1725870750225,"operation":"SET TBLPROPERTIES","operationParameters":{"properties":"{\"delta.enableTypeWidening\":\"true\"}"},"readVersion":0,"isolationLevel":"Serializable","isBlindAppend":true,"operationMetrics":{},"engineInfo":"Apache-Spark/3.5.2 Delta-Lake/3.3.0-SNAPSHOT","txnId":"d6f3775f-c5e4-4391-862c-47f41cf8a632"}}
{"metaData":{"id":"e149e4e9-a9f4-4b95-a58d-ce93f8b24d36","format":{"provider":"parquet","options":{}},"schemaString":"{\"type\":\"struct\",\"fields\":[{\"name\":\"byte\",\"type\":\"byte\",\"nullable\":true,\"metadata\":{}},{\"name\":\"int\",\"type\":\"integer\",\"nullable\":true,\"metadata\":{}},{\"name\":\"float\",\"type\":\"float\",\"nullable\":true,\"metadata\":{}},{\"name\":\"decimal\",\"type\":\"decimal(10,2)\",\"nullable\":true,\"metadata\":{}},{\"name\":\"date\",\"type\":\"date\",\"nullable\":true,\"metadata\":{}},{\"name\":\"struct\",\"type\":{\"type\":\"struct\",\"fields\":[{\"name\":\"a\",\"type\":\"integer\",\"nullable\":true,\"metadata\":{}}]},\"nullable\":true,\"metadata\":{}},{\"name\":\"map\",\"type\":{\"type\":\"map\",\"keyType\":\"integer\",\"valueType\":\"integer\",\"valueContainsNull\":true},\"nullable\":true,\"metadata\":{}},{\"name\":\"array\",\"type\":{\"type\":\"array\",\"elementType\":\"integer\",\"containsNull\":true},\"nullable\":true,\"metadata\":{}}]}","partitionColumns":[],"configuration":{"delta.enableTypeWidening":"true"},"createdTime":1725870740925}}
{"protocol":{"minReaderVersion":3,"minWriterVersion":7,"readerFeatures":["typeWidening-preview"],"writerFeatures":["typeWidening-preview","appendOnly","invariants"]}}
