{"commitInfo":{"timestamp":1725870746257,"operation":"WRITE","operationParameters":{"mode":"Append","partitionBy":"[]"},"isolationLevel":"Serializable","isBlindAppend":true,"operationMetrics":{"numFiles":"2","numOutputRows":"1","numOutputBytes":"3769"},"engineInfo":"Apache-Spark/3.5.2 Delta-Lake/3.3.0-SNAPSHOT","txnId":"87b1ea8d-019d-4310-a6bd-bd038c8d86bc"}}
{"metaData":{"id":"e149e4e9-a9f4-4b95-a58d-ce93f8b24d36","format":{"provider":"parquet","options":{}},"schemaString":"{\"type\":\"struct\",\"fields\":[{\"name\":\"byte\",\"type\":\"byte\",\"nullable\":true,\"metadata\":{}},{\"name\":\"int\",\"type\":\"integer\",\"nullable\":true,\"metadata\":{}},{\"name\":\"float\",\"type\":\"float\",\"nullable\":true,\"metadata\":{}},{\"name\":\"decimal\",\"type\":\"decimal(10,2)\",\"nullable\":true,\"metadata\":{}},{\"name\":\"date\",\"type\":\"date\",\"nullable\":true,\"metadata\":{}},{\"name\":\"struct\",\"type\":{\"type\":\"struct\",\"fields\":[{\"name\":\"a\",\"type\":\"integer\",\"nullable\":true,\"metadata\":{}}]},\"nullable\":true,\"metadata\":{}},{\"name\":\"map\",\"type\":{\"type\":\"map\",\"keyType\":\"integer\",\"valueType\":\"integer\",\"valueContainsNull\":true},\"nullable\":true,\"metadata\":{}},{\"name\":\"array\",\"type\":{\"type\":\"array\",\"elementType\":\"integer\",\"containsNull\":true},\"nullable\":true,\"metadata\":{}}]}","partitionColumns":[],"configuration":{},"createdTime":1725870740925}}
{"protocol":{"minReaderVersion":1,"minWriterVersion":2}}
{"add":{"path":"test%25file%25prefix-part-00001-5cb99c33-e838-4101-bce8-99cdfe312349-c000.snappy.parquet","partitionValues":{},"size":2600,"modificationTime":1725870746115,"dataChange":true,"stats":"{\"numRecords\":1,\"minValues\":{\"byte\":1,\"int\":2,\"float\":3.4,\"decimal\":567.89,\"date\":\"2024-09-09\",\"struct\":{\"a\":1}},\"maxValues\":{\"byte\":1,\"int\":2,\"float\":3.4,\"decimal\":567.89,\"date\":\"2024-09-09\",\"struct\":{\"a\":1}},\"nullCount\":{\"byte\":0,\"int\":0,\"float\":0,\"decimal\":0,\"date\":0,\"struct\":{\"a\":0},\"map\":0,\"array\":0}}"}}
